Archive member included to satisfy reference by file (symbol)

d:/imt_sdk_win_64/winarm/armgcc/bin/../lib/gcc/arm-none-eabi/7.2.1/thumb/v7-m\libgcc.a(_arm_addsubdf3.o)
                              ./src/UART_program.o (__aeabi_i2d)
d:/imt_sdk_win_64/winarm/armgcc/bin/../lib/gcc/arm-none-eabi/7.2.1/thumb/v7-m\libgcc.a(_arm_muldivdf3.o)
                              ./src/UART_program.o (__aeabi_dmul)
d:/imt_sdk_win_64/winarm/armgcc/bin/../lib/gcc/arm-none-eabi/7.2.1/thumb/v7-m\libgcc.a(_arm_fixunsdfsi.o)
                              ./src/UART_program.o (__aeabi_d2uiz)
d:/imt_sdk_win_64/winarm/armgcc/bin/../lib/gcc/arm-none-eabi/7.2.1/../../../../arm-none-eabi/lib/thumb/v7-m\libg_nano.a(lib_a-errno.o)
                              ./system/src/newlib/_sbrk.o (__errno)
d:/imt_sdk_win_64/winarm/armgcc/bin/../lib/gcc/arm-none-eabi/7.2.1/../../../../arm-none-eabi/lib/thumb/v7-m\libg_nano.a(lib_a-impure.o)
                              d:/imt_sdk_win_64/winarm/armgcc/bin/../lib/gcc/arm-none-eabi/7.2.1/../../../../arm-none-eabi/lib/thumb/v7-m\libg_nano.a(lib_a-errno.o) (_impure_ptr)
d:/imt_sdk_win_64/winarm/armgcc/bin/../lib/gcc/arm-none-eabi/7.2.1/../../../../arm-none-eabi/lib/thumb/v7-m\libg_nano.a(lib_a-strlen.o)
                              ./system/src/diag/Trace.o (strlen)
d:/imt_sdk_win_64/winarm/armgcc/bin/../lib/gcc/arm-none-eabi/7.2.1/../../../../arm-none-eabi/lib/thumb/v7-m\libg_nano.a(lib_a-vsnprintf.o)
                              ./system/src/diag/Trace.o (vsnprintf)
d:/imt_sdk_win_64/winarm/armgcc/bin/../lib/gcc/arm-none-eabi/7.2.1/../../../../arm-none-eabi/lib/thumb/v7-m\libg_nano.a(lib_a-nano-svfprintf.o)
                              d:/imt_sdk_win_64/winarm/armgcc/bin/../lib/gcc/arm-none-eabi/7.2.1/../../../../arm-none-eabi/lib/thumb/v7-m\libg_nano.a(lib_a-vsnprintf.o) (_svfprintf_r)
d:/imt_sdk_win_64/winarm/armgcc/bin/../lib/gcc/arm-none-eabi/7.2.1/../../../../arm-none-eabi/lib/thumb/v7-m\libg_nano.a(lib_a-nano-vfprintf_i.o)
                              d:/imt_sdk_win_64/winarm/armgcc/bin/../lib/gcc/arm-none-eabi/7.2.1/../../../../arm-none-eabi/lib/thumb/v7-m\libg_nano.a(lib_a-nano-svfprintf.o) (_printf_i)
d:/imt_sdk_win_64/winarm/armgcc/bin/../lib/gcc/arm-none-eabi/7.2.1/../../../../arm-none-eabi/lib/thumb/v7-m\libg_nano.a(lib_a-memchr-stub.o)
                              d:/imt_sdk_win_64/winarm/armgcc/bin/../lib/gcc/arm-none-eabi/7.2.1/../../../../arm-none-eabi/lib/thumb/v7-m\libg_nano.a(lib_a-nano-svfprintf.o) (memchr)
d:/imt_sdk_win_64/winarm/armgcc/bin/../lib/gcc/arm-none-eabi/7.2.1/../../../../arm-none-eabi/lib/thumb/v7-m\libg_nano.a(lib_a-memcpy-stub.o)
                              d:/imt_sdk_win_64/winarm/armgcc/bin/../lib/gcc/arm-none-eabi/7.2.1/../../../../arm-none-eabi/lib/thumb/v7-m\libg_nano.a(lib_a-nano-svfprintf.o) (memcpy)
d:/imt_sdk_win_64/winarm/armgcc/bin/../lib/gcc/arm-none-eabi/7.2.1/../../../../arm-none-eabi/lib/thumb/v7-m\libg_nano.a(lib_a-memmove.o)
                              d:/imt_sdk_win_64/winarm/armgcc/bin/../lib/gcc/arm-none-eabi/7.2.1/../../../../arm-none-eabi/lib/thumb/v7-m\libg_nano.a(lib_a-nano-svfprintf.o) (memmove)
d:/imt_sdk_win_64/winarm/armgcc/bin/../lib/gcc/arm-none-eabi/7.2.1/../../../../arm-none-eabi/lib/thumb/v7-m\libg_nano.a(lib_a-nano-freer.o)
                              d:/imt_sdk_win_64/winarm/armgcc/bin/../lib/gcc/arm-none-eabi/7.2.1/../../../../arm-none-eabi/lib/thumb/v7-m\libg_nano.a(lib_a-nano-svfprintf.o) (_free_r)
d:/imt_sdk_win_64/winarm/armgcc/bin/../lib/gcc/arm-none-eabi/7.2.1/../../../../arm-none-eabi/lib/thumb/v7-m\libg_nano.a(lib_a-nano-mallocr.o)
                              d:/imt_sdk_win_64/winarm/armgcc/bin/../lib/gcc/arm-none-eabi/7.2.1/../../../../arm-none-eabi/lib/thumb/v7-m\libg_nano.a(lib_a-nano-svfprintf.o) (_malloc_r)
d:/imt_sdk_win_64/winarm/armgcc/bin/../lib/gcc/arm-none-eabi/7.2.1/../../../../arm-none-eabi/lib/thumb/v7-m\libg_nano.a(lib_a-nano-reallocr.o)
                              d:/imt_sdk_win_64/winarm/armgcc/bin/../lib/gcc/arm-none-eabi/7.2.1/../../../../arm-none-eabi/lib/thumb/v7-m\libg_nano.a(lib_a-nano-svfprintf.o) (_realloc_r)
d:/imt_sdk_win_64/winarm/armgcc/bin/../lib/gcc/arm-none-eabi/7.2.1/../../../../arm-none-eabi/lib/thumb/v7-m\libg_nano.a(lib_a-sbrkr.o)
                              d:/imt_sdk_win_64/winarm/armgcc/bin/../lib/gcc/arm-none-eabi/7.2.1/../../../../arm-none-eabi/lib/thumb/v7-m\libg_nano.a(lib_a-nano-mallocr.o) (_sbrk_r)
d:/imt_sdk_win_64/winarm/armgcc/bin/../lib/gcc/arm-none-eabi/7.2.1/../../../../arm-none-eabi/lib/thumb/v7-m\libg_nano.a(lib_a-mlock.o)
                              d:/imt_sdk_win_64/winarm/armgcc/bin/../lib/gcc/arm-none-eabi/7.2.1/../../../../arm-none-eabi/lib/thumb/v7-m\libg_nano.a(lib_a-nano-freer.o) (__malloc_lock)
d:/imt_sdk_win_64/winarm/armgcc/bin/../lib/gcc/arm-none-eabi/7.2.1/../../../../arm-none-eabi/lib/thumb/v7-m\libg_nano.a(lib_a-nano-msizer.o)
[...]
Memory Configuration

Name             Origin             Length             Attributes
RAM              0x20000000         0x00005000         xrw
CCMRAM           0x00000000         0x00000000         xrw
FLASH            0x08000000         0x00020000         xr
FLASHB1          0x00000000         0x00000000         xr
EXTMEMB0         0x00000000         0x00000000         xr
EXTMEMB1         0x00000000         0x00000000         xr
EXTMEMB2         0x00000000         0x00000000         xr
EXTMEMB3         0x00000000         0x00000000         xr
MEMORY_ARRAY     0x00000000         0x00000000         xrw
*default*        0x00000000         0xffffffff

Linker script and memory map

LOAD ./system/src/stm32f1-stdperiph/misc.o
LOAD ./system/src/stm32f1-stdperiph/stm32f10x_gpio.o
LOAD ./system/src/stm32f1-stdperiph/stm32f10x_rcc.o
LOAD ./system/src/newlib/_cxx.o
LOAD ./system/src/newlib/_exit.o
LOAD ./system/src/newlib/_sbrk.o
LOAD ./system/src/newlib/_startup.o
LOAD ./system/src/newlib/_syscalls.o
LOAD ./system/src/newlib/assert.o
LOAD ./system/src/diag/Trace.o
LOAD ./system/src/diag/trace_impl.o
LOAD ./system/src/cortexm/_initialize_hardware.o
LOAD ./system/src/cortexm/_reset_hardware.o
LOAD ./system/src/cortexm/exception_handlers.o
LOAD ./system/src/cmsis/system_stm32f10x.o
LOAD ./system/src/cmsis/vectors_stm32f10x.o
LOAD ./src/Control_Panel.o
LOAD ./src/EXTI_program.o
LOAD ./src/GPIO_program.o
LOAD ./src/NVIC_program.o
LOAD ./src/RCC_program.o
LOAD ./src/SYS_program.o
LOAD ./src/Timer.o
LOAD ./src/UART_program.o
LOAD ./src/_write.o
LOAD ./src/main.o
LOAD d:/imt_sdk_win_64/winarm/armgcc/bin/../lib/gcc/arm-none-eabi/7.2.1/../../../../arm-none-eabi/lib/thumb/v7-m\libstdc++_nano.a
LOAD d:/imt_sdk_win_64/winarm/armgcc/bin/../lib/gcc/arm-none-eabi/7.2.1/../../../../arm-none-eabi/lib/thumb/v7-m\libm.a
START GROUP
LOAD d:/imt_sdk_win_64/winarm/armgcc/bin/../lib/gcc/arm-none-eabi/7.2.1/thumb/v7-m\libgcc.a
LOAD d:/imt_sdk_win_64/winarm/armgcc/bin/../lib/gcc/arm-none-eabi/7.2.1/../../../../arm-none-eabi/lib/thumb/v7-m\libg_nano.a
LOAD d:/imt_sdk_win_64/winarm/armgcc/bin/../lib/gcc/arm-none-eabi/7.2.1/../../../../arm-none-eabi/lib/thumb/v7-m\libc_nano.a
END GROUP
START GROUP
LOAD d:/imt_sdk_win_64/winarm/armgcc/bin/../lib/gcc/arm-none-eabi/7.2.1/thumb/v7-m\libgcc.a
LOAD d:/imt_sdk_win_64/winarm/armgcc/bin/../lib/gcc/arm-none-eabi/7.2.1/../../../../arm-none-eabi/lib/thumb/v7-m\libc_nano.a
END GROUP
                0x20005000                __stack = (ORIGIN (RAM) + LENGTH (RAM))
                0x20005000                _estack = __stack
                0x00000400                __Main_Stack_Size = 0x400
                [!provide]                PROVIDE (_Main_Stack_Size, __Main_Stack_Size)
                0x20004c00                __Main_Stack_Limit = (__stack - __Main_Stack_Size)
                [!provide]                PROVIDE (_Main_Stack_Limit, __Main_Stack_Limit)
                0x00000100                _Minimum_Stack_Size = 0x100
                0x20000198                PROVIDE (_Heap_Begin, _end_noinit)
                0x20004c00                PROVIDE (_Heap_Limit, (__stack - __Main_Stack_Size))

.isr_vector     0x08000000      0x350
 FILL mask 0xff
                0x08000000                __vectors_start = ABSOLUTE (.)
                0x08000000                __vectors_start__ = ABSOLUTE (.)
 *(.isr_vector)
 .isr_vector    0x08000000      0x10c ./system/src/cmsis/vectors_stm32f10x.o
                0x08000000                __isr_vectors
 *(.cfmconfig)
 *(.after_vectors .after_vectors.*)
 .after_vectors
                0x0800010c      0x114 ./system/src/newlib/_startup.o
                0x0800010c                _start
 .after_vectors
                0x08000220      0x12c ./system/src/cortexm/exception_handlers.o
                0x08000220                Reset_Handler
                0x08000226                NMI_Handler
                0x0800022a                HardFault_Handler
                0x0800023e                HardFault_Handler_C
                0x0800029c                MemManage_Handler
                0x080002a0                BusFault_Handler
                0x080002b4                BusFault_Handler_C
                0x080002e8                UsageFault_Handler
                0x080002fc                UsageFault_Handler_C
                0x08000330                SVC_Handler
                0x08000334                DebugMon_Handler
                0x08000338                PendSV_Handler
 .after_vectors
                0x0800034c        0x4 ./system/src/cmsis/vectors_stm32f10x.o
                0x0800034c                TIM8_TRG_COM_IRQHandler
                0x0800034c                TIM8_CC_IRQHandler
                0x0800034c                TIM1_CC_IRQHandler
                0x0800034c                TIM6_IRQHandler
                0x0800034c                PVD_IRQHandler
                0x0800034c                SDIO_IRQHandler
                0x0800034c                CAN2_RX1_IRQHandler
                0x0800034c                TIM8_TRG_COM_TIM14_IRQHandler
                0x0800034c                TIM1_UP_TIM10_IRQHandler
                0x0800034c                TIM8_UP_TIM13_IRQHandler
                0x0800034c                I2C2_EV_IRQHandler
                0x0800034c                CAN1_RX0_IRQHandler
                0x0800034c                TIM1_UP_TIM16_IRQHandler
                0x0800034c                CAN2_SCE_IRQHandler
                0x0800034c                ADC1_2_IRQHandler
                0x0800034c                SPI1_IRQHandler
                0x0800034c                TAMPER_IRQHandler
                0x0800034c                TIM6_DAC_IRQHandler
                0x0800034c                TIM1_BRK_TIM9_IRQHandler
                0x0800034c                CAN2_RX0_IRQHandler
                0x0800034c                TIM8_UP_IRQHandler
                0x0800034c                DMA2_Channel2_IRQHandler
                0x0800034c                DMA1_Channel4_IRQHandler
                0x0800034c                USART3_IRQHandler
                0x0800034c                RTC_IRQHandler
                0x0800034c                DMA1_Channel7_IRQHandler
                0x0800034c                CAN1_RX1_IRQHandler
                0x0800034c                UART5_IRQHandler
                0x0800034c                ADC3_IRQHandler
                0x0800034c                TIM4_IRQHandler
                0x0800034c                DMA2_Channel1_IRQHandler
                0x0800034c                I2C1_EV_IRQHandler
                0x0800034c                DMA1_Channel6_IRQHandler
                0x0800034c                UART4_IRQHandler
                0x0800034c                DMA2_Channel4_IRQHandler
                0x0800034c                TIM3_IRQHandler
                0x0800034c                RCC_IRQHandler
                0x0800034c                TIM8_BRK_TIM12_IRQHandler
                0x0800034c                TIM1_TRG_COM_IRQHandler
                0x0800034c                DMA1_Channel1_IRQHandler
                0x0800034c                Default_Handler
                0x0800034c                CEC_IRQHandler
                0x0800034c                TIM14_IRQHandler
                0x0800034c                TIM13_IRQHandler
                0x0800034c                TIM12_IRQHandler
                0x0800034c                TIM7_IRQHandler
                0x0800034c                CAN2_TX_IRQHandler
                0x0800034c                TIM5_IRQHandler
                0x0800034c                ETH_WKUP_IRQHandler
                0x0800034c                SPI2_IRQHandler
                0x0800034c                CAN1_TX_IRQHandler
                0x0800034c                DMA2_Channel5_IRQHandler
                0x0800034c                DMA1_Channel5_IRQHandler
                0x0800034c                USB_LP_CAN1_RX0_IRQHandler
                0x0800034c                TIM1_TRG_COM_TIM17_IRQHandler
                0x0800034c                USB_HP_CAN1_TX_IRQHandler
                0x0800034c                DMA1_Channel3_IRQHandler
                0x0800034c                FSMC_IRQHandler
                0x0800034c                ETH_IRQHandler
                0x0800034c                TIM1_UP_IRQHandler
                0x0800034c                WWDG_IRQHandler
                0x0800034c                TIM2_IRQHandler
                0x0800034c                OTG_FS_WKUP_IRQHandler
                0x0800034c                TIM1_TRG_COM_TIM11_IRQHandler
                0x0800034c                TIM1_BRK_IRQHandler
                0x0800034c                RTCAlarm_IRQHandler
                0x0800034c                DMA2_Channel4_5_IRQHandler
                0x0800034c                USART2_IRQHandler
                0x0800034c                I2C2_ER_IRQHandler
                0x0800034c                DMA1_Channel2_IRQHandler
                0x0800034c                TIM8_BRK_IRQHandler
                0x0800034c                CAN1_SCE_IRQHandler
                0x0800034c                FLASH_IRQHandler
                0x0800034c                USART1_IRQHandler
                0x0800034c                OTG_FS_IRQHandler
                0x0800034c                SPI3_IRQHandler
                0x0800034c                I2C1_ER_IRQHandler
                0x0800034c                USBWakeUp_IRQHandler
                0x0800034c                DMA2_Channel3_IRQHandler
                0x0800034c                TIM1_BRK_TIM15_IRQHandler

.inits          0x08000350       0x28
                0x08000350                __data_regions_array_start = .
                0x08000350        0x4 LONG 0x80027a4 LOADADDR (.data)
                0x08000354        0x4 LONG 0x20000000 ADDR (.data)
                0x08000358        0x4 LONG 0x2000008c (ADDR (.data) + SIZEOF (.data))
                0x0800035c        0x4 LONG 0x80027a4 LOADADDR (.data_CCMRAM)
                0x08000360        0x4 LONG 0x0 ADDR (.data_CCMRAM)
                0x08000364        0x4 LONG 0x0 (ADDR (.data_CCMRAM) + SIZEOF (.data_CCMRAM))
                0x08000368                __data_regions_array_end = .
                0x08000368                __bss_regions_array_start = .
                0x08000368        0x4 LONG 0x2000008c ADDR (.bss)
                0x0800036c        0x4 LONG 0x20000198 (ADDR (.bss) + SIZEOF (.bss))
                0x08000370        0x4 LONG 0x0 ADDR (.bss_CCMRAM)
                0x08000374        0x4 LONG 0x0 (ADDR (.bss_CCMRAM) + SIZEOF (.bss_CCMRAM))
                0x08000378                __bss_regions_array_end = .
 *(.init)
 *(.fini)
                0x08000378                . = ALIGN (0x4)
                0x08000378                PROVIDE (__preinit_array_start, .)
 *(.preinit_array_sysinit .preinit_array_sysinit.*)
 *(.preinit_array_platform .preinit_array_platform.*)
 *(.preinit_array .preinit_array.*)
                0x08000378                PROVIDE (__preinit_array_end, .)
                0x08000378                . = ALIGN (0x4)
                0x08000378                PROVIDE (__init_array_start, .)
 *(SORT_BY_NAME(.init_array.*))
 *(.init_array)
                0x08000378                PROVIDE (__init_array_end, .)
                0x08000378                . = ALIGN (0x4)
                0x08000378                PROVIDE (__fini_array_start, .)
 *(SORT_BY_NAME(.fini_array.*))
 *(.fini_array)
                0x08000378                PROVIDE (__fini_array_end, .)

.flashtext
 *(.flashtext .flashtext.*)

.text           0x08000378     0x242b
 *(.text .text.*)
 .text._exit    0x08000378        0x2 ./system/src/newlib/_exit.o
                0x08000378                _exit
 *fill*         0x0800037a        0x2 
 .text._sbrk    0x0800037c       0x44 ./system/src/newlib/_sbrk.o
                0x0800037c                _sbrk
 .text.__initialize_args
                0x080003c0       0x10 ./system/src/newlib/_syscalls.o
                0x080003c0                __initialize_args
 .text.trace_printf
                0x080003d0       0x30 ./system/src/diag/Trace.o
                0x080003d0                trace_printf
 .text._trace_write_semihosting_debug
                0x08000400       0x60 ./system/src/diag/trace_impl.o
 .text.trace_write
                0x08000460        0x8 ./system/src/diag/trace_impl.o
                0x08000460                trace_write
 .text.__initialize_hardware_early
                0x08000468       0x18 ./system/src/cortexm/_initialize_hardware.o
                0x08000468                __initialize_hardware_early
 .text.__initialize_hardware
                0x08000480        0x8 ./system/src/cortexm/_initialize_hardware.o
                0x08000480                __initialize_hardware
 .text.dumpExceptionStack
                0x08000488       0xf4 ./system/src/cortexm/exception_handlers.o
                0x08000488                dumpExceptionStack
 .text.isSemihosting
                0x0800057c       0x20 ./system/src/cortexm/exception_handlers.o
                0x0800057c                isSemihosting
 .text.SetSysClockTo72
                0x0800059c       0xc4 ./system/src/cmsis/system_stm32f10x.o
 .text.SetSysClock
                0x08000660        0x8 ./system/src/cmsis/system_stm32f10x.o
 .text.SystemInit
                0x08000668       0x50 ./system/src/cmsis/system_stm32f10x.o
                0x08000668                SystemInit
 .text.SystemCoreClockUpdate
                0x080006b8       0x94 ./system/src/cmsis/system_stm32f10x.o
                0x080006b8                SystemCoreClockUpdate
 .text.Control_Panelvoid_Init
                0x0800074c      0x1e4 ./src/Control_Panel.o
                0x0800074c                Control_Panelvoid_Init
 .text.Control_Panelvoid_Message_For_LED
                0x08000930      0x1bc ./src/Control_Panel.o
                0x08000930                Control_Panelvoid_Message_For_LED
 .text.handleLampTest
                0x08000aec       0x68 ./src/Control_Panel.o
                0x08000aec                handleLampTest
 .text.resetLamps
                0x08000b54       0x68 ./src/Control_Panel.o
                0x08000b54                resetLamps
 .text.ShiftRegister_u16GetData
                0x08000bbc       0x62 ./src/Control_Panel.o
                0x08000bbc                ShiftRegister_u16GetData
 *fill*         0x08000c1e        0x2 
 .text.Control_Panel_voidStartUpLeds
                0x08000c20      0x2dc ./src/Control_Panel.o
                0x08000c20                Control_Panel_voidStartUpLeds
 .text.EXTI0_IRQHandler
                0x08000efc       0x10 ./src/EXTI_program.o
                0x08000efc                EXTI0_IRQHandler
 .text.EXTI1_IRQHandler
                0x08000f0c       0x10 ./src/EXTI_program.o
                0x08000f0c                EXTI1_IRQHandler
 .text.EXTI2_IRQHandler
                0x08000f1c       0x10 ./src/EXTI_program.o
                0x08000f1c                EXTI2_IRQHandler
 .text.EXTI3_IRQHandler
                0x08000f2c       0x10 ./src/EXTI_program.o
                0x08000f2c                EXTI3_IRQHandler
 .text.EXTI4_IRQHandler
                0x08000f3c       0x10 ./src/EXTI_program.o
                0x08000f3c                EXTI4_IRQHandler
 .text.EXTI9_5_IRQHandler
                0x08000f4c       0x10 ./src/EXTI_program.o
                0x08000f4c                EXTI9_5_IRQHandler
 .text.EXTI15_10_IRQHandler
                0x08000f5c       0x10 ./src/EXTI_program.o
                0x08000f5c                EXTI15_10_IRQHandler
 .text.MEXTI_voidEnable
                0x08000f6c       0xb8 ./src/EXTI_program.o
                0x08000f6c                MEXTI_voidEnable
 .text.MEXTI_voidClearPendingFlag
                0x08001024       0x14 ./src/EXTI_program.o
                0x08001024                MEXTI_voidClearPendingFlag
 .text.MEXTINT0_VidSetCallBack
                0x08001038        0xc ./src/EXTI_program.o
                0x08001038                MEXTINT0_VidSetCallBack
 .text.MEXTINT9_5_VidSetCallBack
                0x08001044        0xc ./src/EXTI_program.o
                0x08001044                MEXTINT9_5_VidSetCallBack
 .text.MEXTINT15_10_VidSetCallBack
                0x08001050        0xc ./src/EXTI_program.o
                0x08001050                MEXTINT15_10_VidSetCallBack
 .text.MGPIO_voidSetPinDirection
                0x0800105c       0xdc ./src/GPIO_program.o
                0x0800105c                MGPIO_voidSetPinDirection
 .text.MGPIO_voidSetPinValue
                0x08001138       0x74 ./src/GPIO_program.o
                0x08001138                MGPIO_voidSetPinValue
 .text.MGPIO_u8GetPinValue
                0x080011ac       0x40 ./src/GPIO_program.o
                0x080011ac                MGPIO_u8GetPinValue
 .text.MNVIC_voidEnableInterrupt
                0x080011ec       0x2c ./src/NVIC_program.o
                0x080011ec                MNVIC_voidEnableInterrupt
 .text.MRCC_voidInitSysClock
                0x08001218       0x5c ./src/RCC_program.o
                0x08001218                MRCC_voidInitSysClock
 .text.MRCC_voidEnableClock
                0x08001274       0x44 ./src/RCC_program.o
                0x08001274                MRCC_voidEnableClock
 .text.Sys_VoidInit
                0x080012b8       0x30 ./src/SYS_program.o
                0x080012b8                Sys_VoidInit
 .text.Sys_VoidReload
                0x080012e8       0x34 ./src/SYS_program.o
                0x080012e8                Sys_VoidReload
 .text.delay_void1ms
                0x0800131c       0x1c ./src/SYS_program.o
                0x0800131c                delay_void1ms
 .text.delay_voidXms
                0x08001338       0x14 ./src/SYS_program.o
                0x08001338                delay_voidXms
 .text.timer_tick
                0x0800134c       0x14 ./src/Timer.o
                0x0800134c                timer_tick
 .text.SysTick_Handler
                0x08001360        0x8 ./src/Timer.o
                0x08001360                SysTick_Handler
 .text.USART_Init
                0x08001368       0x88 ./src/UART_program.o
                0x08001368                USART_Init
 .text.USART1_VoidWriteCharacter
                0x080013f0       0x24 ./src/UART_program.o
                0x080013f0                USART1_VoidWriteCharacter
 .text.USART1_VoidWriteString
                0x08001414       0x16 ./src/UART_program.o
                0x08001414                USART1_VoidWriteString
 *fill*         0x0800142a        0x2 
 .text.USART1_ReceiveByteNonBlocking
                0x0800142c       0x20 ./src/UART_program.o
                0x0800142c                USART1_ReceiveByteNonBlocking
 .text.USART1_u8ReadString_NonBlocking
                0x0800144c       0x54 ./src/UART_program.o
                0x0800144c                USART1_u8ReadString_NonBlocking
 .text.INT_DAY_THERMAL
                0x080014a0       0x68 ./src/main.o
                0x080014a0                INT_DAY_THERMAL
 .text.INT_NFOV
                0x08001508       0x5c ./src/main.o
                0x08001508                INT_NFOV
 .text.INT_First_Echo_LAST_ECHO
                0x08001564       0x94 ./src/main.o
                0x08001564                INT_First_Echo_LAST_ECHO
 .text.CheckSwitchState
                0x080015f8      0x16c ./src/main.o
                0x080015f8                CheckSwitchState
 .text.main     0x08001764      0x4f0 ./src/main.o
                0x08001764                main
 .text.__errno  0x08001c54        0xc d:/imt_sdk_win_64/winarm/armgcc/bin/../lib/gcc/arm-none-eabi/7.2.1/../../../../arm-none-eabi/lib/thumb/v7-m\libg_nano.a(lib_a-errno.o)
                0x08001c54                __errno
 .text._vsnprintf_r
                0x08001c60       0x58 d:/imt_sdk_win_64/winarm/armgcc/bin/../lib/gcc/arm-none-eabi/7.2.1/../../../../arm-none-eabi/lib/thumb/v7-m\libg_nano.a(lib_a-vsnprintf.o)
                0x08001c60                _vsniprintf_r
                0x08001c60                _vsnprintf_r
 .text.vsnprintf
                0x08001cb8       0x1c d:/imt_sdk_win_64/winarm/armgcc/bin/../lib/gcc/arm-none-eabi/7.2.1/../../../../arm-none-eabi/lib/thumb/v7-m\libg_nano.a(lib_a-vsnprintf.o)
                0x08001cb8                vsniprintf
                0x08001cb8                vsnprintf
 .text.__ssputs_r
                0x08001cd4       0xb4 d:/imt_sdk_win_64/winarm/armgcc/bin/../lib/gcc/arm-none-eabi/7.2.1/../../../../arm-none-eabi/lib/thumb/v7-m\libg_nano.a(lib_a-nano-svfprintf.o)
                0x08001cd4                __ssputs_r
 .text._svfprintf_r
                0x08001d88      0x1ec d:/imt_sdk_win_64/winarm/armgcc/bin/../lib/gcc/arm-none-eabi/7.2.1/../../../../arm-none-eabi/lib/thumb/v7-m\libg_nano.a(lib_a-nano-svfprintf.o)
                0x08001d88                _svfiprintf_r
                0x08001d88                _svfprintf_r
 .text._printf_common
                0x08001f74       0xec d:/imt_sdk_win_64/winarm/armgcc/bin/../lib/gcc/arm-none-eabi/7.2.1/../../../../arm-none-eabi/lib/thumb/v7-m\libg_nano.a(lib_a-nano-vfprintf_i.o)
                0x08001f74                _printf_common
 .text._printf_i
                0x08002060      0x224 d:/imt_sdk_win_64/winarm/armgcc/bin/../lib/gcc/arm-none-eabi/7.2.1/../../../../arm-none-eabi/lib/thumb/v7-m\libg_nano.a(lib_a-nano-vfprintf_i.o)
                0x08002060                _printf_i
 .text.memchr   0x08002284       0x1c d:/imt_sdk_win_64/winarm/armgcc/bin/../lib/gcc/arm-none-eabi/7.2.1/../../../../arm-none-eabi/lib/thumb/v7-m\libg_nano.a(lib_a-memchr-stub.o)
                0x08002284                memchr
 .text.memcpy   0x080022a0       0x16 d:/imt_sdk_win_64/winarm/armgcc/bin/../lib/gcc/arm-none-eabi/7.2.1/../../../../arm-none-eabi/lib/thumb/v7-m\libg_nano.a(lib_a-memcpy-stub.o)
                0x080022a0                memcpy
 .text.memmove  0x080022b6       0x32 d:/imt_sdk_win_64/winarm/armgcc/bin/../lib/gcc/arm-none-eabi/7.2.1/../../../../arm-none-eabi/lib/thumb/v7-m\libg_nano.a(lib_a-memmove.o)
                0x080022b6                memmove
 .text._free_r  0x080022e8       0x98 d:/imt_sdk_win_64/winarm/armgcc/bin/../lib/gcc/arm-none-eabi/7.2.1/../../../../arm-none-eabi/lib/thumb/v7-m\libg_nano.a(lib_a-nano-freer.o)
                0x080022e8                _free_r
 .text._malloc_r
                0x08002380       0xb4 d:/imt_sdk_win_64/winarm/armgcc/bin/../lib/gcc/arm-none-eabi/7.2.1/../../../../arm-none-eabi/lib/thumb/v7-m\libg_nano.a(lib_a-nano-mallocr.o)
                0x08002380                _malloc_r
 .text._realloc_r
                0x08002434       0x4c d:/imt_sdk_win_64/winarm/armgcc/bin/../lib/gcc/arm-none-eabi/7.2.1/../../../../arm-none-eabi/lib/thumb/v7-m\libg_nano.a(lib_a-nano-reallocr.o)
                0x08002434                _realloc_r
 .text._sbrk_r  0x08002480       0x20 d:/imt_sdk_win_64/winarm/armgcc/bin/../lib/gcc/arm-none-eabi/7.2.1/../../../../arm-none-eabi/lib/thumb/v7-m\libg_nano.a(lib_a-sbrkr.o)
                0x08002480                _sbrk_r
 .text.__malloc_lock
                0x080024a0        0x2 d:/imt_sdk_win_64/winarm/armgcc/bin/../lib/gcc/arm-none-eabi/7.2.1/../../../../arm-none-eabi/lib/thumb/v7-m\libg_nano.a(lib_a-mlock.o)
                0x080024a0                __malloc_lock
 .text.__malloc_unlock
                0x080024a2        0x2 d:/imt_sdk_win_64/winarm/armgcc/bin/../lib/gcc/arm-none-eabi/7.2.1/../../../../arm-none-eabi/lib/thumb/v7-m\libg_nano.a(lib_a-mlock.o)
                0x080024a2                __malloc_unlock
 .text._malloc_usable_size_r
                0x080024a4       0x10 d:/imt_sdk_win_64/winarm/armgcc/bin/../lib/gcc/arm-none-eabi/7.2.1/../../../../arm-none-eabi/lib/thumb/v7-m\libg_nano.a(lib_a-nano-msizer.o)
                0x080024a4                _malloc_usable_size_r
 *(.rodata .rodata.* .constdata .constdata.*)
 .rodata.dumpExceptionStack.str1.4
                0x080024b4      0x11a ./system/src/cortexm/exception_handlers.o
 *fill*         0x080025ce        0x2 
 .rodata.str1.4
                0x080025d0       0x2a ./system/src/cortexm/exception_handlers.o
 *fill*         0x080025fa        0x2 
 .rodata.Control_Panel_voidStartUpLeds.str1.4
                0x080025fc       0x8b ./src/Control_Panel.o
 .rodata.CheckSwitchState.str1.4
                0x08002687       0x3a ./src/main.o
 *fill*         0x08002687        0x1 
 .rodata.INT_DAY_THERMAL.str1.4
                0x08002688       0x12 ./src/main.o
 *fill*         0x0800269a        0x2 
 .rodata.INT_First_Echo_LAST_ECHO.str1.4
                0x0800269c       0x17 ./src/main.o
 *fill*         0x080026b3        0x1 
 .rodata.INT_NFOV.str1.4
                0x080026b4        0x7 ./src/main.o
 *fill*         0x080026bb        0x1 
 .rodata.main.str1.4
                0x080026bc       0xb4 ./src/main.o
                                 0xb2 (size before relaxing)
 .rodata._svfprintf_r.str1.1
                0x08002770       0x11 d:/imt_sdk_win_64/winarm/armgcc/bin/../lib/gcc/arm-none-eabi/7.2.1/../../../../arm-none-eabi/lib/thumb/v7-m\libg_nano.a(lib_a-nano-svfprintf.o)
 .rodata._printf_i.str1.1
                0x08002781       0x22 d:/imt_sdk_win_64/winarm/armgcc/bin/../lib/gcc/arm-none-eabi/7.2.1/../../../../arm-none-eabi/lib/thumb/v7-m\libg_nano.a(lib_a-nano-vfprintf_i.o)
 *(vtable)
 *(.eh_frame*)
 *(.glue_7)
 .glue_7        0x080027a3        0x0 linker stubs
 *(.glue_7t)
 .glue_7t       0x080027a3        0x0 linker stubs

.vfp11_veneer   0x080027a4        0x0
 .vfp11_veneer  0x080027a4        0x0 linker stubs

.v4_bx          0x080027a4        0x0
 .v4_bx         0x080027a4        0x0 linker stubs

.iplt           0x080027a4        0x0
 .iplt          0x080027a4        0x0 ./system/src/newlib/_exit.o

.rel.dyn        0x080027a4        0x0
 .rel.iplt      0x080027a4        0x0 ./system/src/newlib/_exit.o

.ARM.extab
 *(.ARM.extab* .gnu.linkonce.armextab.*)
                0x080027a4                . = ALIGN (0x4)
                0x080027a4                __exidx_start = .

.ARM.exidx
 *(.ARM.exidx* .gnu.linkonce.armexidx.*)
                0x080027a4                __exidx_end = .
                0x080027a4                . = ALIGN (0x4)
                0x080027a4                _etext = .
                0x080027a4                __etext = .

.data_CCMRAM    0x00000000        0x0 load address 0x080027a4
 FILL mask 0xff
 *(.data.CCMRAM .data.CCMRAM.*)
                0x00000000                . = ALIGN (0x4)
                0x080027a4                _sidata = LOADADDR (.data)

.data           0x20000000       0x8c load address 0x080027a4
 FILL mask 0xff
                0x20000000                _sdata = .
                0x20000000                __data_start__ = .
 *(.data_begin .data_begin.*)
 .data_begin    0x20000000        0x4 ./system/src/newlib/_startup.o
 *(.data .data.*)
 .data.argv.4310
                0x20000004        0x8 ./system/src/newlib/_syscalls.o
 .data.AHBPrescTable
                0x2000000c       0x10 ./system/src/cmsis/system_stm32f10x.o
                0x2000000c                AHBPrescTable
 .data.SystemCoreClock
                0x2000001c        0x4 ./system/src/cmsis/system_stm32f10x.o
                0x2000001c                SystemCoreClock
 .data.Previous_u16SwitchsData
                0x20000020        0x2 ./src/main.o
 *fill*         0x20000022        0x2 ff
 .data._impure_ptr
                0x20000024        0x4 d:/imt_sdk_win_64/winarm/armgcc/bin/../lib/gcc/arm-none-eabi/7.2.1/../../../../arm-none-eabi/lib/thumb/v7-m\libg_nano.a(lib_a-impure.o)
                0x20000024                _impure_ptr
 .data.impure_data
                0x20000028       0x60 d:/imt_sdk_win_64/winarm/armgcc/bin/../lib/gcc/arm-none-eabi/7.2.1/../../../../arm-none-eabi/lib/thumb/v7-m\libg_nano.a(lib_a-impure.o)
 *(.data_end .data_end.*)
 .data_end      0x20000088        0x4 ./system/src/newlib/_startup.o
                0x2000008c                . = ALIGN (0x4)
                0x2000008c                _edata = .
                0x2000008c                __data_end__ = .

.igot.plt       0x2000008c        0x0 load address 0x08002830
 .igot.plt      0x2000008c        0x0 ./system/src/newlib/_exit.o

.bss_CCMRAM     0x00000000        0x0
 *(.bss.CCMRAM .bss.CCMRAM.*)

.bss            0x2000008c      0x10c
                0x2000008c                __bss_start__ = .
                0x2000008c                _sbss = .
 *(.bss_begin .bss_begin.*)
 .bss_begin     0x2000008c        0x4 ./system/src/newlib/_startup.o
 *(.bss .bss.*)
 .bss.current_heap_end.3961
                0x20000090        0x4 ./system/src/newlib/_sbrk.o
 .bss.name.4309
                0x20000094        0x1 ./system/src/newlib/_syscalls.o
 *fill*         0x20000095        0x3 
 .bss.buf.5205  0x20000098       0x80 ./system/src/diag/Trace.o
 .bss.i.3771    0x20000118        0x1 ./src/UART_program.o
 *fill*         0x20000119        0x3 
 .bss.receivedString.3770
                0x2000011c       0x32 ./src/UART_program.o
 .bss.Global_u16SwitchsData
                0x2000014e        0x2 ./src/main.o
                0x2000014e                Global_u16SwitchsData
 .bss.Global_u8BulletState
                0x20000150        0x1 ./src/main.o
                0x20000150                Global_u8BulletState
 .bss.Global_u8BulletsOn
                0x20000151        0x1 ./src/main.o
                0x20000151                Global_u8BulletsOn
 .bss.Global_u8Bullets_Flag
                0x20000152        0x1 ./src/main.o
                0x20000152                Global_u8Bullets_Flag
 .bss.Global_u8DTStateFlag
                0x20000153        0x1 ./src/main.o
                0x20000153                Global_u8DTStateFlag
 .bss.Global_u8Day_Thermal_Flag
                0x20000154        0x1 ./src/main.o
                0x20000154                Global_u8Day_Thermal_Flag
 .bss.Global_u8EchoState
                0x20000155        0x1 ./src/main.o
                0x20000155                Global_u8EchoState
 .bss.Global_u8Echo_Status_Flag
                0x20000156        0x1 ./src/main.o
                0x20000156                Global_u8Echo_Status_Flag
 .bss.Global_u8FVState
                0x20000157        0x1 ./src/main.o
                0x20000157                Global_u8FVState
 .bss.Global_u8FV_Status_Flag
                0x20000158        0x1 ./src/main.o
                0x20000158                Global_u8FV_Status_Flag
 .bss.Global_u8Lamp_test_Status_Flag
                0x20000159        0x1 ./src/main.o
                0x20000159                Global_u8Lamp_test_Status_Flag
 *fill*         0x2000015a        0x2 
 .bss.Global_u8StartCommand
                0x2000015c        0x4 ./src/main.o
                0x2000015c                Global_u8StartCommand
 .bss.Global_u8StartCounter
                0x20000160        0x1 ./src/main.o
                0x20000160                Global_u8StartCounter
 .bss.Global_u8StartThePanel
                0x20000161        0x1 ./src/main.o
                0x20000161                Global_u8StartThePanel
 .bss.Global_u8WideFlag
                0x20000162        0x1 ./src/main.o
                0x20000162                Global_u8WideFlag
 *fill*         0x20000163        0x1 
 .bss.__malloc_free_list
                0x20000164        0x4 d:/imt_sdk_win_64/winarm/armgcc/bin/../lib/gcc/arm-none-eabi/7.2.1/../../../../arm-none-eabi/lib/thumb/v7-m\libg_nano.a(lib_a-nano-mallocr.o)
                0x20000164                __malloc_free_list
 .bss.__malloc_sbrk_start
                0x20000168        0x4 d:/imt_sdk_win_64/winarm/armgcc/bin/../lib/gcc/arm-none-eabi/7.2.1/../../../../arm-none-eabi/lib/thumb/v7-m\libg_nano.a(lib_a-nano-mallocr.o)
                0x20000168                __malloc_sbrk_start
 *(COMMON)
 COMMON         0x2000016c        0x4 ./system/src/newlib/_syscalls.o
                0x2000016c                errno
 COMMON         0x20000170       0x1c ./src/EXTI_program.o
                0x20000170                EXT_INT3
                0x20000174                EXT_INT1
                0x20000178                EXT_INT4
                0x2000017c                EXT_INT2
                0x20000180                EXT_INT0
                0x20000184                EXT_INT9_5
                0x20000188                EXT_INT15_10
 COMMON         0x2000018c        0x4 ./src/Timer.o
                0x2000018c                timer_delayCount
 COMMON         0x20000190        0x2 ./src/main.o
                0x20000190                Current_LED_Echo
                0x20000191                Current_LED_Bullet
 *(.bss_end .bss_end.*)
 *fill*         0x20000192        0x2 
 .bss_end       0x20000194        0x4 ./system/src/newlib/_startup.o
                0x20000198                . = ALIGN (0x4)
                0x20000198                __bss_end__ = .
                0x20000198                _ebss = .

.noinit_CCMRAM
 *(.noinit.CCMRAM .noinit.CCMRAM.*)

.noinit         0x20000198        0x0
                0x20000198                _noinit = .
 *(.noinit .noinit.*)
                0x20000198                . = ALIGN (0x4)
                0x20000198                _end_noinit = .
                [!provide]                PROVIDE (end, _end_noinit)
                [!provide]                PROVIDE (_end, _end_noinit)
                [!provide]                PROVIDE (__end, _end_noinit)
                [!provide]                PROVIDE (__end__, _end_noinit)

._check_stack   0x20000198      0x100
                0x20000298                . = (. + _Minimum_Stack_Size)
 *fill*         0x20000198      0x100 

.b1text
 *(.b1text)
 *(.b1rodata)
 *(.b1rodata.*)

.eb0text
 *(.eb0text)
 *(.eb0rodata)
 *(.eb0rodata.*)

.eb1text
 *(.eb1text)
 *(.eb1rodata)
 *(.eb1rodata.*)

.eb2text
 *(.eb2text)
 *(.eb2rodata)
 *(.eb2rodata.*)

.eb3text
 *(.eb3text)
 *(.eb3rodata)
 *(.eb3rodata.*)

.stab
 *(.stab)

.stabstr
 *(.stabstr)

.stab.excl
 *(.stab.excl)

.stab.exclstr
 *(.stab.exclstr)

.stab.index
 *(.stab.index)

.stab.indexstr
 *(.stab.indexstr)

.comment        0x00000000       0x7e
 *(.comment)
 .comment       0x00000000       0x7e ./system/src/newlib/_exit.o
                                 0x7f (size before relaxing)
 .comment       0x0000007e       0x7f ./system/src/newlib/_sbrk.o
 .comment       0x0000007e       0x7f ./system/src/newlib/_startup.o
 .comment       0x0000007e       0x7f ./system/src/newlib/_syscalls.o
 .comment       0x0000007e       0x7f ./system/src/diag/Trace.o
 .comment       0x0000007e       0x7f ./system/src/diag/trace_impl.o
 .comment       0x0000007e       0x7f ./system/src/cortexm/_initialize_hardware.o
 .comment       0x0000007e       0x7f ./system/src/cortexm/exception_handlers.o
 .comment       0x0000007e       0x7f ./system/src/cmsis/system_stm32f10x.o
 .comment       0x0000007e       0x7f ./system/src/cmsis/vectors_stm32f10x.o
 .comment       0x0000007e       0x7f ./src/Control_Panel.o
 .comment       0x0000007e       0x7f ./src/EXTI_program.o
 .comment       0x0000007e       0x7f ./src/GPIO_program.o
 .comment       0x0000007e       0x7f ./src/NVIC_program.o
 .comment       0x0000007e       0x7f ./src/RCC_program.o
 .comment       0x0000007e       0x7f ./src/SYS_program.o
 .comment       0x0000007e       0x7f ./src/Timer.o
 .comment       0x0000007e       0x7f ./src/UART_program.o
 .comment       0x0000007e       0x7f ./src/main.o

.ARM.attributes
                0x00000000       0x31
 .ARM.attributes
                0x00000000       0x33 ./system/src/newlib/_exit.o
 .ARM.attributes
                0x00000033       0x33 ./system/src/newlib/_sbrk.o
 .ARM.attributes
                0x00000066       0x33 ./system/src/newlib/_startup.o
 .ARM.attributes
                0x00000099       0x33 ./system/src/newlib/_syscalls.o
 .ARM.attributes
                0x000000cc       0x33 ./system/src/diag/Trace.o
 .ARM.attributes
                0x000000ff       0x33 ./system/src/diag/trace_impl.o
 .ARM.attributes
                0x00000132       0x33 ./system/src/cortexm/_initialize_hardware.o
 .ARM.attributes
                0x00000165       0x33 ./system/src/cortexm/exception_handlers.o
 .ARM.attributes
                0x00000198       0x33 ./system/src/cmsis/system_stm32f10x.o
 .ARM.attributes
                0x000001cb       0x33 ./system/src/cmsis/vectors_stm32f10x.o
 .ARM.attributes
                0x000001fe       0x33 ./src/Control_Panel.o
 .ARM.attributes
                0x00000231       0x33 ./src/EXTI_program.o
 .ARM.attributes
                0x00000264       0x33 ./src/GPIO_program.o
 .ARM.attributes
                0x00000297       0x33 ./src/NVIC_program.o
 .ARM.attributes
                0x000002ca       0x33 ./src/RCC_program.o
 .ARM.attributes
                0x000002fd       0x33 ./src/SYS_program.o
 .ARM.attributes
                0x00000330       0x33 ./src/Timer.o
 .ARM.attributes
                0x00000363       0x33 ./src/UART_program.o
 .ARM.attributes
                0x00000396       0x33 ./src/main.o
 .ARM.attributes
                0x000003c9       0x2d d:/imt_sdk_win_64/winarm/armgcc/bin/../lib/gcc/arm-none-eabi/7.2.1/../../../../arm-none-eabi/lib/thumb/v7-m\libg_nano.a(lib_a-errno.o)
 .ARM.attributes
                0x000003f6       0x2d d:/imt_sdk_win_64/winarm/armgcc/bin/../lib/gcc/arm-none-eabi/7.2.1/../../../../arm-none-eabi/lib/thumb/v7-m\libg_nano.a(lib_a-impure.o)
 .ARM.attributes
                0x00000423       0x2d d:/imt_sdk_win_64/winarm/armgcc/bin/../lib/gcc/arm-none-eabi/7.2.1/../../../../arm-none-eabi/lib/thumb/v7-m\libg_nano.a(lib_a-vsnprintf.o)
 .ARM.attributes
                0x00000450       0x2d d:/imt_sdk_win_64/winarm/armgcc/bin/../lib/gcc/arm-none-eabi/7.2.1/../../../../arm-none-eabi/lib/thumb/v7-m\libg_nano.a(lib_a-nano-svfprintf.o)
 .ARM.attributes
                0x0000047d       0x2d d:/imt_sdk_win_64/winarm/armgcc/bin/../lib/gcc/arm-none-eabi/7.2.1/../../../../arm-none-eabi/lib/thumb/v7-m\libg_nano.a(lib_a-nano-vfprintf_i.o)
 .ARM.attributes
                0x000004aa       0x2d d:/imt_sdk_win_64/winarm/armgcc/bin/../lib/gcc/arm-none-eabi/7.2.1/../../../../arm-none-eabi/lib/thumb/v7-m\libg_nano.a(lib_a-memchr-stub.o)
 .ARM.attributes
                0x000004d7       0x2d d:/imt_sdk_win_64/winarm/armgcc/bin/../lib/gcc/arm-none-eabi/7.2.1/../../../../arm-none-eabi/lib/thumb/v7-m\libg_nano.a(lib_a-memcpy-stub.o)
 .ARM.attributes
                0x00000504       0x2d d:/imt_sdk_win_64/winarm/armgcc/bin/../lib/gcc/arm-none-eabi/7.2.1/../../../../arm-none-eabi/lib/thumb/v7-m\libg_nano.a(lib_a-memmove.o)
 .ARM.attributes
                0x00000531       0x2d d:/imt_sdk_win_64/winarm/armgcc/bin/../lib/gcc/arm-none-eabi/7.2.1/../../../../arm-none-eabi/lib/thumb/v7-m\libg_nano.a(lib_a-nano-freer.o)
 .ARM.attributes
                0x0000055e       0x2d d:/imt_sdk_win_64/winarm/armgcc/bin/../lib/gcc/arm-none-eabi/7.2.1/../../../../arm-none-eabi/lib/thumb/v7-m\libg_nano.a(lib_a-nano-mallocr.o)
 .ARM.attributes
                0x0000058b       0x2d d:/imt_sdk_win_64/winarm/armgcc/bin/../lib/gcc/arm-none-eabi/7.2.1/../../../../arm-none-eabi/lib/thumb/v7-m\libg_nano.a(lib_a-nano-reallocr.o)
 .ARM.attributes
                0x000005b8       0x2d d:/imt_sdk_win_64/winarm/armgcc/bin/../lib/gcc/arm-none-eabi/7.2.1/../../../../arm-none-eabi/lib/thumb/v7-m\libg_nano.a(lib_a-sbrkr.o)
 .ARM.attributes
                0x000005e5       0x2d d:/imt_sdk_win_64/winarm/armgcc/bin/../lib/gcc/arm-none-eabi/7.2.1/../../../../arm-none-eabi/lib/thumb/v7-m\libg_nano.a(lib_a-mlock.o)
 .ARM.attributes
                0x00000612       0x2d d:/imt_sdk_win_64/winarm/armgcc/bin/../lib/gcc/arm-none-eabi/7.2.1/../../../../arm-none-eabi/lib/thumb/v7-m\libg_nano.a(lib_a-nano-msizer.o)

.debug
 *(.debug)

.line
 *(.line)

.debug_srcinfo
 *(.debug_srcinfo)

.debug_sfnames
 *(.debug_sfnames)

.debug_aranges  0x00000000      0x518
 *(.debug_aranges)
 .debug_aranges
                0x00000000       0x28 ./system/src/newlib/_exit.o
 .debug_aranges
                0x00000028       0x20 ./system/src/newlib/_sbrk.o
 .debug_aranges
                0x00000048       0x40 ./system/src/newlib/_startup.o
 .debug_aranges
                0x00000088       0x30 ./system/src/newlib/_syscalls.o
 .debug_aranges
                0x000000b8       0x38 ./system/src/diag/Trace.o
 .debug_aranges
                0x000000f0       0x30 ./system/src/diag/trace_impl.o
 .debug_aranges
                0x00000120       0x28 ./system/src/cortexm/_initialize_hardware.o
 .debug_aranges
                0x00000148       0x90 ./system/src/cortexm/exception_handlers.o
 .debug_aranges
                0x000001d8       0x38 ./system/src/cmsis/system_stm32f10x.o
 .debug_aranges
                0x00000210       0x20 ./system/src/cmsis/vectors_stm32f10x.o
 .debug_aranges
                0x00000230       0x58 ./src/Control_Panel.o
 .debug_aranges
                0x00000288       0xb0 ./src/EXTI_program.o
 .debug_aranges
                0x00000338       0x40 ./src/GPIO_program.o
 .debug_aranges
                0x00000378       0x48 ./src/NVIC_program.o
 .debug_aranges
                0x000003c0       0x30 ./src/RCC_program.o
 .debug_aranges
                0x000003f0       0x38 ./src/SYS_program.o
 .debug_aranges
                0x00000428       0x38 ./src/Timer.o
 .debug_aranges
                0x00000460       0x78 ./src/UART_program.o
 .debug_aranges
                0x000004d8       0x40 ./src/main.o

.debug_pubnames
 *(.debug_pubnames)

.debug_info     0x00000000     0x8275
 *(.debug_info .gnu.linkonce.wi.*)
 .debug_info    0x00000000      0x956 ./system/src/newlib/_exit.o
 .debug_info    0x00000956      0x942 ./system/src/newlib/_sbrk.o
 .debug_info    0x00001298      0x42e ./system/src/newlib/_startup.o
 .debug_info    0x000016c6      0xa19 ./system/src/newlib/_syscalls.o
 .debug_info    0x000020df      0xb2a ./system/src/diag/Trace.o
 .debug_info    0x00002c09      0x363 ./system/src/diag/trace_impl.o
 .debug_info    0x00002f6c      0x2b5 ./system/src/cortexm/_initialize_hardware.o
 .debug_info    0x00003221     0x1140 ./system/src/cortexm/exception_handlers.o
 .debug_info    0x00004361      0x494 ./system/src/cmsis/system_stm32f10x.o
 .debug_info    0x000047f5       0xca ./system/src/cmsis/vectors_stm32f10x.o
 .debug_info    0x000048bf     0x1433 ./src/Control_Panel.o
 .debug_info    0x00005cf2      0x45d ./src/EXTI_program.o
 .debug_info    0x0000614f      0x22b ./src/GPIO_program.o
 .debug_info    0x0000637a      0x17d ./src/NVIC_program.o
 .debug_info    0x000064f7      0x180 ./src/RCC_program.o
 .debug_info    0x00006677      0x14c ./src/SYS_program.o
 .debug_info    0x000067c3      0x620 ./src/Timer.o
 .debug_info    0x00006de3      0x6c9 ./src/UART_program.o
 .debug_info    0x000074ac      0xdc9 ./src/main.o

.debug_abbrev   0x00000000     0x1d90
 *(.debug_abbrev)
 .debug_abbrev  0x00000000      0x1f3 ./system/src/newlib/_exit.o
 .debug_abbrev  0x000001f3      0x1fc ./system/src/newlib/_sbrk.o
 .debug_abbrev  0x000003ef      0x1b3 ./system/src/newlib/_startup.o
 .debug_abbrev  0x000005a2      0x234 ./system/src/newlib/_syscalls.o
 .debug_abbrev  0x000007d6      0x276 ./system/src/diag/Trace.o
 .debug_abbrev  0x00000a4c      0x1e2 ./system/src/diag/trace_impl.o
 .debug_abbrev  0x00000c2e       0xea ./system/src/cortexm/_initialize_hardware.o
 .debug_abbrev  0x00000d18      0x32b ./system/src/cortexm/exception_handlers.o
 .debug_abbrev  0x00001043      0x177 ./system/src/cmsis/system_stm32f10x.o
 .debug_abbrev  0x000011ba       0x9d ./system/src/cmsis/vectors_stm32f10x.o
 .debug_abbrev  0x00001257      0x1d0 ./src/Control_Panel.o
 .debug_abbrev  0x00001427      0x126 ./src/EXTI_program.o
 .debug_abbrev  0x0000154d       0xe2 ./src/GPIO_program.o
 .debug_abbrev  0x0000162f       0x9b ./src/NVIC_program.o
 .debug_abbrev  0x000016ca       0xaf ./src/RCC_program.o
 .debug_abbrev  0x00001779       0xd0 ./src/SYS_program.o
 .debug_abbrev  0x00001849      0x1bc ./src/Timer.o
 .debug_abbrev  0x00001a05      0x20a ./src/UART_program.o
 .debug_abbrev  0x00001c0f      0x181 ./src/main.o

.debug_line     0x00000000     0x40db
 *(.debug_line)
 .debug_line    0x00000000      0x41f ./system/src/newlib/_exit.o
 .debug_line    0x0000041f      0x3d3 ./system/src/newlib/_sbrk.o
 .debug_line    0x000007f2      0x48d ./system/src/newlib/_startup.o
 .debug_line    0x00000c7f      0x51d ./system/src/newlib/_syscalls.o
 .debug_line    0x0000119c      0x49b ./system/src/diag/Trace.o
 .debug_line    0x00001637      0x708 ./system/src/diag/trace_impl.o
 .debug_line    0x00001d3f      0x3a8 ./system/src/cortexm/_initialize_hardware.o
 .debug_line    0x000020e7      0x7ca ./system/src/cortexm/exception_handlers.o
 .debug_line    0x000028b1      0x41b ./system/src/cmsis/system_stm32f10x.o
 .debug_line    0x00002ccc      0x134 ./system/src/cmsis/vectors_stm32f10x.o
 .debug_line    0x00002e00      0x2d7 ./src/Control_Panel.o
 .debug_line    0x000030d7      0x211 ./src/EXTI_program.o
 .debug_line    0x000032e8      0x168 ./src/GPIO_program.o
 .debug_line    0x00003450      0x11b ./src/NVIC_program.o
 .debug_line    0x0000356b       0xe5 ./src/RCC_program.o
 .debug_line    0x00003650      0x11d ./src/SYS_program.o
 .debug_line    0x0000376d      0x401 ./src/Timer.o
 .debug_line    0x00003b6e      0x26b ./src/UART_program.o
 .debug_line    0x00003dd9      0x302 ./src/main.o

.debug_frame    0x00000000      0xd6c
 *(.debug_frame)
 .debug_frame   0x00000000       0x38 ./system/src/newlib/_exit.o
 .debug_frame   0x00000038       0x28 ./system/src/newlib/_sbrk.o
 .debug_frame   0x00000060       0x7c ./system/src/newlib/_startup.o
 .debug_frame   0x000000dc       0x50 ./system/src/newlib/_syscalls.o
 .debug_frame   0x0000012c       0x94 ./system/src/diag/Trace.o
 .debug_frame   0x000001c0       0x64 ./system/src/diag/trace_impl.o
 .debug_frame   0x00000224       0x40 ./system/src/cortexm/_initialize_hardware.o
 .debug_frame   0x00000264      0x158 ./system/src/cortexm/exception_handlers.o
 .debug_frame   0x000003bc       0x6c ./system/src/cmsis/system_stm32f10x.o
 .debug_frame   0x00000428       0x20 ./system/src/cmsis/vectors_stm32f10x.o
 .debug_frame   0x00000448       0xf0 ./src/Control_Panel.o
 .debug_frame   0x00000538      0x188 ./src/EXTI_program.o
 .debug_frame   0x000006c0       0x6c ./src/GPIO_program.o
 .debug_frame   0x0000072c       0x70 ./src/NVIC_program.o
 .debug_frame   0x0000079c       0x40 ./src/RCC_program.o
 .debug_frame   0x000007dc       0x64 ./src/SYS_program.o
 .debug_frame   0x00000840       0x58 ./src/Timer.o
 .debug_frame   0x00000898      0x144 ./src/UART_program.o
 .debug_frame   0x000009dc       0xa0 ./src/main.o
 .debug_frame   0x00000a7c       0x20 d:/imt_sdk_win_64/winarm/armgcc/bin/../lib/gcc/arm-none-eabi/7.2.1/../../../../arm-none-eabi/lib/thumb/v7-m\libg_nano.a(lib_a-errno.o)
 .debug_frame   0x00000a9c       0x4c d:/imt_sdk_win_64/winarm/armgcc/bin/../lib/gcc/arm-none-eabi/7.2.1/../../../../arm-none-eabi/lib/thumb/v7-m\libg_nano.a(lib_a-vsnprintf.o)
 .debug_frame   0x00000ae8       0x90 d:/imt_sdk_win_64/winarm/armgcc/bin/../lib/gcc/arm-none-eabi/7.2.1/../../../../arm-none-eabi/lib/thumb/v7-m\libg_nano.a(lib_a-nano-svfprintf.o)
 .debug_frame   0x00000b78       0x60 d:/imt_sdk_win_64/winarm/armgcc/bin/../lib/gcc/arm-none-eabi/7.2.1/../../../../arm-none-eabi/lib/thumb/v7-m\libg_nano.a(lib_a-nano-vfprintf_i.o)
 .debug_frame   0x00000bd8       0x28 d:/imt_sdk_win_64/winarm/armgcc/bin/../lib/gcc/arm-none-eabi/7.2.1/../../../../arm-none-eabi/lib/thumb/v7-m\libg_nano.a(lib_a-memchr-stub.o)
 .debug_frame   0x00000c00       0x28 d:/imt_sdk_win_64/winarm/armgcc/bin/../lib/gcc/arm-none-eabi/7.2.1/../../../../arm-none-eabi/lib/thumb/v7-m\libg_nano.a(lib_a-memcpy-stub.o)
 .debug_frame   0x00000c28       0x28 d:/imt_sdk_win_64/winarm/armgcc/bin/../lib/gcc/arm-none-eabi/7.2.1/../../../../arm-none-eabi/lib/thumb/v7-m\libg_nano.a(lib_a-memmove.o)
 .debug_frame   0x00000c50       0x38 d:/imt_sdk_win_64/winarm/armgcc/bin/../lib/gcc/arm-none-eabi/7.2.1/../../../../arm-none-eabi/lib/thumb/v7-m\libg_nano.a(lib_a-nano-freer.o)
 .debug_frame   0x00000c88       0x2c d:/imt_sdk_win_64/winarm/armgcc/bin/../lib/gcc/arm-none-eabi/7.2.1/../../../../arm-none-eabi/lib/thumb/v7-m\libg_nano.a(lib_a-nano-mallocr.o)
 .debug_frame   0x00000cb4       0x3c d:/imt_sdk_win_64/winarm/armgcc/bin/../lib/gcc/arm-none-eabi/7.2.1/../../../../arm-none-eabi/lib/thumb/v7-m\libg_nano.a(lib_a-nano-reallocr.o)
 .debug_frame   0x00000cf0       0x2c d:/imt_sdk_win_64/winarm/armgcc/bin/../lib/gcc/arm-none-eabi/7.2.1/../../../../arm-none-eabi/lib/thumb/v7-m\libg_nano.a(lib_a-sbrkr.o)
 .debug_frame   0x00000d1c       0x30 d:/imt_sdk_win_64/winarm/armgcc/bin/../lib/gcc/arm-none-eabi/7.2.1/../../../../arm-none-eabi/lib/thumb/v7-m\libg_nano.a(lib_a-mlock.o)
 .debug_frame   0x00000d4c       0x20 d:/imt_sdk_win_64/winarm/armgcc/bin/../lib/gcc/arm-none-eabi/7.2.1/../../../../arm-none-eabi/lib/thumb/v7-m\libg_nano.a(lib_a-nano-msizer.o)

.debug_str      0x00000000    0x57d39
 *(.debug_str)
 .debug_str     0x00000000     0x7d16 ./system/src/newlib/_exit.o
                               0x7ee9 (size before relaxing)
 .debug_str     0x00007d16      0x4f5 ./system/src/newlib/_sbrk.o
                               0x729b (size before relaxing)
 .debug_str     0x0000820b      0xbbd ./system/src/newlib/_startup.o
                               0x69d6 (size before relaxing)
 .debug_str     0x00008dc8      0xe8b ./system/src/newlib/_syscalls.o
                               0x8176 (size before relaxing)
 .debug_str     0x00009c53      0x826 ./system/src/diag/Trace.o
                               0x8661 (size before relaxing)
 .debug_str     0x0000a479    0x4b2b9 ./system/src/diag/trace_impl.o
                              0x52a47 (size before relaxing)
 .debug_str     0x00055732       0xc4 ./system/src/cortexm/_initialize_hardware.o
                              0x4e838 (size before relaxing)
 .debug_str     0x000557f6      0x1a6 ./system/src/cortexm/exception_handlers.o
                              0x53c6c (size before relaxing)
 .debug_str     0x0005599c      0x114 ./system/src/cmsis/system_stm32f10x.o
                              0x4e8d2 (size before relaxing)
 .debug_str     0x00055ab0       0x57 ./system/src/cmsis/vectors_stm32f10x.o
                               0x3877 (size before relaxing)
 .debug_str     0x00055b07      0xee2 ./src/Control_Panel.o
                               0x3c6f (size before relaxing)
 .debug_str     0x000569e9      0x2fa ./src/EXTI_program.o
                               0x34ff (size before relaxing)
 .debug_str     0x00056ce3       0xb7 ./src/GPIO_program.o
                               0x3302 (size before relaxing)
 .debug_str     0x00056d9a      0x2ad ./src/NVIC_program.o
                               0x32ce (size before relaxing)
 .debug_str     0x00057047      0x266 ./src/RCC_program.o
                               0x331e (size before relaxing)
 .debug_str     0x000572ad      0x17b ./src/SYS_program.o
                               0x33ce (size before relaxing)
 .debug_str     0x00057428      0x3ea ./src/Timer.o
                              0x4ebed (size before relaxing)
 .debug_str     0x00057812      0x361 ./src/UART_program.o
                               0x37d7 (size before relaxing)
 .debug_str     0x00057b73      0x1c6 ./src/main.o
                               0x3e5b (size before relaxing)

.debug_loc      0x00000000     0x19cc
 *(.debug_loc)
 .debug_loc     0x00000000       0x85 ./system/src/newlib/_sbrk.o
 .debug_loc     0x00000085      0x1a9 ./system/src/newlib/_startup.o
 .debug_loc     0x0000022e       0x63 ./system/src/newlib/_syscalls.o
 .debug_loc     0x00000291       0xf6 ./system/src/diag/Trace.o
 .debug_loc     0x00000387      0x121 ./system/src/diag/trace_impl.o
 .debug_loc     0x000004a8      0x291 ./system/src/cortexm/exception_handlers.o
 .debug_loc     0x00000739       0xdf ./system/src/cmsis/system_stm32f10x.o
 .debug_loc     0x00000818      0x2f2 ./src/Control_Panel.o
 .debug_loc     0x00000b0a       0xe7 ./src/EXTI_program.o
 .debug_loc     0x00000bf1      0x4e2 ./src/GPIO_program.o
 .debug_loc     0x000010d3      0x1e8 ./src/NVIC_program.o
 .debug_loc     0x000012bb      0x14c ./src/RCC_program.o
 .debug_loc     0x00001407       0x5e ./src/SYS_program.o
 .debug_loc     0x00001465       0x59 ./src/Timer.o
 .debug_loc     0x000014be      0x469 ./src/UART_program.o
 .debug_loc     0x00001927       0xa5 ./src/main.o

.debug_macinfo
 *(.debug_macinfo)

.debug_weaknames
 *(.debug_weaknames)

.debug_funcnames
 *(.debug_funcnames)

.debug_typenames
 *(.debug_typenames)

.debug_varnames
 *(.debug_varnames)
OUTPUT(Control_Panel_test.elf elf32-littlearm)

.debug_ranges   0x00000000      0x4d8
 .debug_ranges  0x00000000       0x18 ./system/src/newlib/_exit.o
 .debug_ranges  0x00000018       0x10 ./system/src/newlib/_sbrk.o
 .debug_ranges  0x00000028       0x78 ./system/src/newlib/_startup.o
 .debug_ranges  0x000000a0       0x20 ./system/src/newlib/_syscalls.o
 .debug_ranges  0x000000c0       0x28 ./system/src/diag/Trace.o
 .debug_ranges  0x000000e8       0x50 ./system/src/diag/trace_impl.o
 .debug_ranges  0x00000138       0x18 ./system/src/cortexm/_initialize_hardware.o
 .debug_ranges  0x00000150       0x80 ./system/src/cortexm/exception_handlers.o
 .debug_ranges  0x000001d0       0x28 ./system/src/cmsis/system_stm32f10x.o
 .debug_ranges  0x000001f8       0x10 ./system/src/cmsis/vectors_stm32f10x.o
 .debug_ranges  0x00000208       0x78 ./src/Control_Panel.o
 .debug_ranges  0x00000280       0xa0 ./src/EXTI_program.o
 .debug_ranges  0x00000320       0x30 ./src/GPIO_program.o
 .debug_ranges  0x00000350       0x38 ./src/NVIC_program.o
 .debug_ranges  0x00000388       0x20 ./src/RCC_program.o
 .debug_ranges  0x000003a8       0x28 ./src/SYS_program.o
 .debug_ranges  0x000003d0       0x28 ./src/Timer.o
 .debug_ranges  0x000003f8       0x98 ./src/UART_program.o
 .debug_ranges  0x00000490       0x48 ./src/main.o

.debug_macro    0x00000000     0x30cb
 .debug_macro   0x00000000      0x1b4 ./system/src/newlib/_exit.o
 .debug_macro   0x000001b4       0x9c ./system/src/newlib/_exit.o
 .debug_macro   0x00000250      0x10e ./system/src/newlib/_exit.o
 .debug_macro   0x0000035e       0x8d ./system/src/newlib/_exit.o
 .debug_macro   0x000003eb       0x43 ./system/src/newlib/_exit.o
 .debug_macro   0x0000042e      0x330 ./system/src/newlib/_exit.o
 .debug_macro   0x0000075e       0x35 ./system/src/newlib/_exit.o
 .debug_macro   0x00000793      0x169 ./system/src/newlib/_sbrk.o
 .debug_macro   0x000008fc      0x174 ./system/src/newlib/_sbrk.o
 .debug_macro   0x00000a70       0x10 ./system/src/newlib/_sbrk.o
 .debug_macro   0x00000a80      0x23b ./system/src/newlib/_sbrk.o
 .debug_macro   0x00000cbb      0x173 ./system/src/newlib/_startup.o
 .debug_macro   0x00000e2e      0x217 ./system/src/newlib/_syscalls.o
 .debug_macro   0x00001045       0x1c ./system/src/newlib/_syscalls.o
 .debug_macro   0x00001061       0x10 ./system/src/newlib/_syscalls.o
 .debug_macro   0x00001071       0x10 ./system/src/newlib/_syscalls.o
 .debug_macro   0x00001081       0x10 ./system/src/newlib/_syscalls.o
 .debug_macro   0x00001091       0x35 ./system/src/newlib/_syscalls.o
 .debug_macro   0x000010c6      0x122 ./system/src/newlib/_syscalls.o
 .debug_macro   0x000011e8       0x88 ./system/src/newlib/_syscalls.o
 .debug_macro   0x00001270       0x2b ./system/src/newlib/_syscalls.o
 .debug_macro   0x0000129b      0x118 ./system/src/newlib/_syscalls.o
 .debug_macro   0x000013b3      0x189 ./system/src/newlib/_syscalls.o
 .debug_macro   0x0000153c       0x16 ./system/src/newlib/_syscalls.o
 .debug_macro   0x00001552      0x1fb ./system/src/diag/Trace.o
 .debug_macro   0x0000174d       0x16 ./system/src/diag/Trace.o
 .debug_macro   0x00001763       0x97 ./system/src/diag/Trace.o
 .debug_macro   0x000017fa       0xfd ./system/src/diag/Trace.o
 .debug_macro   0x000018f7       0x10 ./system/src/diag/Trace.o
 .debug_macro   0x00001907       0x16 ./system/src/diag/Trace.o
 .debug_macro   0x0000191d      0x16f ./system/src/diag/Trace.o
 .debug_macro   0x00001a8c       0x4c ./system/src/diag/Trace.o
 .debug_macro   0x00001ad8       0x16 ./system/src/diag/Trace.o
 .debug_macro   0x00001aee      0x2da ./system/src/diag/trace_impl.o
 .debug_macro   0x00001dc8       0x10 ./system/src/diag/trace_impl.o
 .debug_macro   0x00001dd8       0xcf ./system/src/diag/trace_impl.o
 .debug_macro   0x00001ea7       0xbe ./system/src/diag/trace_impl.o
 .debug_macro   0x00001f65       0x22 ./system/src/diag/trace_impl.o
 .debug_macro   0x00001f87      0x16b ./system/src/cortexm/_initialize_hardware.o
 .debug_macro   0x000020f2      0x324 ./system/src/cortexm/exception_handlers.o
 .debug_macro   0x00002416       0x3b ./system/src/cortexm/exception_handlers.o
 .debug_macro   0x00002451       0x10 ./system/src/cortexm/exception_handlers.o
 .debug_macro   0x00002461      0x16e ./system/src/cmsis/system_stm32f10x.o
 .debug_macro   0x000025cf       0x34 ./system/src/cmsis/vectors_stm32f10x.o
 .debug_macro   0x00002603       0x9a ./src/Control_Panel.o
 .debug_macro   0x0000269d       0x22 ./src/Control_Panel.o
 .debug_macro   0x000026bf       0x40 ./src/Control_Panel.o
 .debug_macro   0x000026ff       0x94 ./src/Control_Panel.o
 .debug_macro   0x00002793       0xee ./src/Control_Panel.o
 .debug_macro   0x00002881       0x1c ./src/Control_Panel.o
 .debug_macro   0x0000289d       0x1c ./src/Control_Panel.o
 .debug_macro   0x000028b9       0x6a ./src/Control_Panel.o
 .debug_macro   0x00002923       0x22 ./src/Control_Panel.o
 .debug_macro   0x00002945       0x2e ./src/Control_Panel.o
 .debug_macro   0x00002973      0x184 ./src/Control_Panel.o
 .debug_macro   0x00002af7       0x50 ./src/EXTI_program.o
 .debug_macro   0x00002b47       0x10 ./src/EXTI_program.o
 .debug_macro   0x00002b57       0x10 ./src/EXTI_program.o
 .debug_macro   0x00002b67       0x35 ./src/GPIO_program.o
 .debug_macro   0x00002b9c       0x3f ./src/NVIC_program.o
 .debug_macro   0x00002bdb       0x4c ./src/NVIC_program.o
 .debug_macro   0x00002c27       0x3e ./src/RCC_program.o
 .debug_macro   0x00002c65       0xe2 ./src/RCC_program.o
 .debug_macro   0x00002d47       0x22 ./src/RCC_program.o
 .debug_macro   0x00002d69       0x50 ./src/SYS_program.o
 .debug_macro   0x00002db9       0x22 ./src/SYS_program.o
 .debug_macro   0x00002ddb       0x10 ./src/SYS_program.o
 .debug_macro   0x00002deb      0x184 ./src/Timer.o
 .debug_macro   0x00002f6f       0x10 ./src/Timer.o
 .debug_macro   0x00002f7f       0x59 ./src/UART_program.o
 .debug_macro   0x00002fd8       0x2e ./src/UART_program.o
 .debug_macro   0x00003006       0x22 ./src/UART_program.o
 .debug_macro   0x00003028       0xa3 ./src/main.o
